============================= test session starts =============================
platform win32 -- Python 3.10.11, pytest-9.0.3, pluggy-1.6.0
rootdir: F:\OneDrive\Documents\TraeSOLO\AllEnricher\AllEnricher-v2
configfile: pyproject.toml
plugins: anyio-4.13.0
collected 654 items

tests\test_ai_integration.py .......................................     [  5%]
tests\test_ai_interpreter.py ........................................... [ 12%]
..........................                                               [ 16%]
tests\test_annotation_parser.py .....................                    [ 19%]
tests\test_api_server.py ............................................... [ 26%]
..................                                                       [ 29%]
tests\test_cli.py ...............                                        [ 31%]
tests\test_cli_build_custom.py ............                              [ 33%]
tests\test_cli_gsea.py .......................                           [ 37%]
tests\test_common_plots.py ...................................           [ 42%]
tests\test_custom_builder.py .........                                   [ 44%]
tests\test_custom_db_integration.py ........                             [ 45%]
tests\test_database.py ..............                                    [ 47%]
tests\test_download.py ............................                      [ 51%]
tests\test_e2e_custom_species.py .................                       [ 54%]
tests\test_e2e_gsea.py .......                                           [ 55%]
tests\test_e2e_gsva.py ..............                                    [ 57%]
tests\test_e2e_ssgsea.py ........                                        [ 58%]
tests\test_e2e_visualization.py ..........................               [ 62%]
tests\test_enrichment.py ...............                                 [ 64%]
tests\test_enrichment_extended.py ...................................... [ 70%]
............                                                             [ 72%]
tests\test_gmt_generation_e2e.py ........                                [ 73%]
tests\test_gmt_generator.py ................                             [ 76%]
tests\test_goa_fetcher.py .....                                          [ 77%]
tests\test_gsea_extended.py ..........                                   [ 78%]
tests\test_gsea_plots.py ...................                             [ 81%]
tests\test_gsva.py ...............                                       [ 83%]
tests\test_gsva_plots.py ..........................                      [ 87%]
tests\test_phase5.py ...................                                 [ 90%]
tests\test_report_integration.py ................                        [ 93%]
tests\test_species_registry.py ...........                               [ 94%]
tests\test_version.py .........................                          [ 98%]
tests\test_visualization.py .........                                    [100%]

============================== warnings summary ===============================
tests/test_e2e_visualization.py: 8 warnings
tests/test_gsva_plots.py: 56 warnings
  C:\Users\Lenovo\AppData\Roaming\TRAE SOLO CN\ModularData\ai-agent\vm\tools\python\lib\site-packages\seaborn\categorical.py:700: PendingDeprecationWarning: vert: bool will be deprecated in a future version. Use orientation: {'vertical', 'horizontal'} instead.
    artists = ax.bxp(**boxplot_kws)

tests/test_gsva.py::TestGSVA::test_gsva_single_sample
  C:\Users\Lenovo\AppData\Roaming\TRAE SOLO CN\ModularData\ai-agent\vm\tools\python\lib\site-packages\numpy\_core\_methods.py:223: RuntimeWarning: Degrees of freedom <= 0 for slice
    ret = _var(a, axis=axis, dtype=dtype, out=out, ddof=ddof,

tests/test_gsva.py::TestGSVA::test_gsva_single_sample
  C:\Users\Lenovo\AppData\Roaming\TRAE SOLO CN\ModularData\ai-agent\vm\tools\python\lib\site-packages\numpy\_core\_methods.py:215: RuntimeWarning: invalid value encountered in scalar divide
    ret = ret.dtype.type(ret / rcount)

-- Docs: https://docs.pytest.org/en/stable/how-to/capture-warnings.html
- generated xml file: F:\OneDrive\Documents\TraeSOLO\AllEnricher\AllEnricher-v2\test_results.xml -
================ 654 passed, 66 warnings in 542.81s (0:09:02) =================
